[debug] [2025-07-25T17:48:03.245Z] ----------------------------------------------------------------------
[debug] [2025-07-25T17:48:03.249Z] Command:       C:\Program Files\nodejs\node.exe C:\Users\agath\AppData\Roaming\npm\node_modules\firebase-tools\lib\bin\firebase.js deploy --only functions
[debug] [2025-07-25T17:48:03.250Z] CLI Version:   14.11.1
[debug] [2025-07-25T17:48:03.250Z] Platform:      win32
[debug] [2025-07-25T17:48:03.250Z] Node Version:  v22.17.1
[debug] [2025-07-25T17:48:03.250Z] Time:          Fri Jul 25 2025 20:48:03 GMT+0300 (East Africa Time)
[debug] [2025-07-25T17:48:03.251Z] ----------------------------------------------------------------------
[debug] 
[debug] [2025-07-25T17:48:03.557Z] > command requires scopes: ["email","openid","https://www.googleapis.com/auth/cloudplatformprojects.readonly","https://www.googleapis.com/auth/firebase","https://www.googleapis.com/auth/cloud-platform"]
[debug] [2025-07-25T17:48:03.558Z] > authorizing via signed-in user (ssenkubugeabbey055@gmail.com)
[debug] [2025-07-25T17:48:03.558Z] [iam] checking project azimbalife055 for permissions ["cloudfunctions.functions.create","cloudfunctions.functions.delete","cloudfunctions.functions.get","cloudfunctions.functions.list","cloudfunctions.functions.update","cloudfunctions.operations.get","firebase.projects.get"]
[debug] [2025-07-25T17:48:03.559Z] Checked if tokens are valid: false, expires at: 1753465617962
[debug] [2025-07-25T17:48:03.560Z] Checked if tokens are valid: false, expires at: 1753465617962
[debug] [2025-07-25T17:48:03.560Z] > refreshing access token with scopes: []
[debug] [2025-07-25T17:48:03.563Z] >>> [apiv2][query] POST https://www.googleapis.com/oauth2/v3/token [none]
[debug] [2025-07-25T17:48:03.563Z] >>> [apiv2][body] POST https://www.googleapis.com/oauth2/v3/token [omitted]
[debug] [2025-07-25T17:48:07.615Z] <<< [apiv2][status] POST https://www.googleapis.com/oauth2/v3/token 200
[debug] [2025-07-25T17:48:07.615Z] <<< [apiv2][body] POST https://www.googleapis.com/oauth2/v3/token [omitted]
[debug] [2025-07-25T17:48:07.643Z] >>> [apiv2][query] POST https://cloudresourcemanager.googleapis.com/v1/projects/azimbalife055:testIamPermissions [none]
[debug] [2025-07-25T17:48:07.643Z] >>> [apiv2][(partial)header] POST https://cloudresourcemanager.googleapis.com/v1/projects/azimbalife055:testIamPermissions x-goog-quota-user=projects/azimbalife055
[debug] [2025-07-25T17:48:07.643Z] >>> [apiv2][body] POST https://cloudresourcemanager.googleapis.com/v1/projects/azimbalife055:testIamPermissions {"permissions":["cloudfunctions.functions.create","cloudfunctions.functions.delete","cloudfunctions.functions.get","cloudfunctions.functions.list","cloudfunctions.functions.update","cloudfunctions.operations.get","firebase.projects.get"]}
[debug] [2025-07-25T17:48:15.235Z] <<< [apiv2][status] POST https://cloudresourcemanager.googleapis.com/v1/projects/azimbalife055:testIamPermissions 200
[debug] [2025-07-25T17:48:15.235Z] <<< [apiv2][body] POST https://cloudresourcemanager.googleapis.com/v1/projects/azimbalife055:testIamPermissions {"permissions":["cloudfunctions.functions.create","cloudfunctions.functions.delete","cloudfunctions.functions.get","cloudfunctions.functions.list","cloudfunctions.functions.update","cloudfunctions.operations.get","firebase.projects.get"]}
[debug] [2025-07-25T17:48:15.236Z] Checked if tokens are valid: true, expires at: 1753469286615
[debug] [2025-07-25T17:48:15.236Z] Checked if tokens are valid: true, expires at: 1753469286615
[debug] [2025-07-25T17:48:15.236Z] >>> [apiv2][query] POST https://iam.googleapis.com/v1/projects/azimbalife055/serviceAccounts/azimbalife055@appspot.gserviceaccount.com:testIamPermissions [none]
[debug] [2025-07-25T17:48:15.236Z] >>> [apiv2][body] POST https://iam.googleapis.com/v1/projects/azimbalife055/serviceAccounts/azimbalife055@appspot.gserviceaccount.com:testIamPermissions {"permissions":["iam.serviceAccounts.actAs"]}
[debug] [2025-07-25T17:48:27.113Z] <<< [apiv2][status] POST https://iam.googleapis.com/v1/projects/azimbalife055/serviceAccounts/azimbalife055@appspot.gserviceaccount.com:testIamPermissions 200
[debug] [2025-07-25T17:48:27.113Z] <<< [apiv2][body] POST https://iam.googleapis.com/v1/projects/azimbalife055/serviceAccounts/azimbalife055@appspot.gserviceaccount.com:testIamPermissions {"permissions":["iam.serviceAccounts.actAs"]}
[info] 
[info] === Deploying to 'azimbalife055'...
[info] 
[info] i  deploying functions 
[debug] [2025-07-25T17:48:27.120Z] Checked if tokens are valid: true, expires at: 1753469286615
[debug] [2025-07-25T17:48:27.120Z] Checked if tokens are valid: true, expires at: 1753469286615
[debug] [2025-07-25T17:48:27.120Z] >>> [apiv2][query] GET https://cloudresourcemanager.googleapis.com/v1/projects/azimbalife055 [none]
[debug] [2025-07-25T17:48:32.897Z] <<< [apiv2][status] GET https://cloudresourcemanager.googleapis.com/v1/projects/azimbalife055 200
[debug] [2025-07-25T17:48:32.897Z] <<< [apiv2][body] GET https://cloudresourcemanager.googleapis.com/v1/projects/azimbalife055 {"projectNumber":"78443464091","projectId":"azimbalife055","lifecycleState":"ACTIVE","name":"AZimbalife055","labels":{"firebase":"enabled","firebase-core":"disabled"},"createTime":"2025-07-08T10:17:47.243356Z"}
[info] i  functions: preparing codebase default for deployment 
[info] i  functions: ensuring required API cloudfunctions.googleapis.com is enabled... 
[info] i  functions: ensuring required API cloudbuild.googleapis.com is enabled... 
[info] i  artifactregistry: ensuring required API artifactregistry.googleapis.com is enabled... 
[debug] [2025-07-25T17:48:32.901Z] Checked if tokens are valid: true, expires at: 1753469286615
[debug] [2025-07-25T17:48:32.902Z] Checked if tokens are valid: true, expires at: 1753469286615
[debug] [2025-07-25T17:48:32.902Z] >>> [apiv2][query] GET https://firebase.googleapis.com/v1beta1/projects/azimbalife055/adminSdkConfig [none]
[debug] [2025-07-25T17:48:42.788Z] <<< [apiv2][status] GET https://firebase.googleapis.com/v1beta1/projects/azimbalife055/adminSdkConfig 200
[debug] [2025-07-25T17:48:42.788Z] <<< [apiv2][body] GET https://firebase.googleapis.com/v1beta1/projects/azimbalife055/adminSdkConfig {"projectId":"azimbalife055","databaseURL":"https://azimbalife055-default-rtdb.firebaseio.com","storageBucket":"azimbalife055.firebasestorage.app"}
[debug] [2025-07-25T17:48:42.789Z] Checked if tokens are valid: true, expires at: 1753469286615
[debug] [2025-07-25T17:48:42.789Z] Checked if tokens are valid: true, expires at: 1753469286615
[debug] [2025-07-25T17:48:42.789Z] >>> [apiv2][query] GET https://runtimeconfig.googleapis.com/v1beta1/projects/azimbalife055/configs [none]
[debug] [2025-07-25T17:48:51.993Z] <<< [apiv2][status] GET https://runtimeconfig.googleapis.com/v1beta1/projects/azimbalife055/configs 200
[debug] [2025-07-25T17:48:51.994Z] <<< [apiv2][body] GET https://runtimeconfig.googleapis.com/v1beta1/projects/azimbalife055/configs {}
[debug] [2025-07-25T17:48:51.995Z] Validating nodejs source
[debug] [2025-07-25T17:48:59.721Z] > [functions] package.json contents: {
  "name": "functions",
  "description": "Cloud Functions for Firebase",
  "scripts": {
    "lint": "eslint .",
    "serve": "firebase emulators:start --only functions",
    "shell": "firebase functions:shell",
    "start": "npm run shell",
    "deploy": "firebase deploy --only functions",
    "logs": "firebase functions:log"
  },
  "engines": {
    "node": "22"
  },
  "main": "index.js",
  "dependencies": {
    "firebase-admin": "^13.4.0",
    "firebase-functions": "^6.4.0",
    "nodemailer": "^7.0.5"
  },
  "devDependencies": {
    "eslint": "^8.15.0",
    "eslint-config-google": "^0.14.0",
    "firebase-functions-test": "^3.1.0"
  },
  "private": true
}
[debug] [2025-07-25T17:48:59.721Z] Building nodejs source
[info] i  functions: Loading and analyzing source code for codebase default to determine what to deploy 
[debug] [2025-07-25T17:48:59.723Z] Could not find functions.yaml. Must use http discovery
[debug] [2025-07-25T17:48:59.734Z] Found firebase-functions binary at 'C:\Users\agath\Downloads\AZimbalife\functions\node_modules\.bin\firebase-functions'
[info] Serving at port 8243

[debug] [2025-07-25T17:49:00.818Z] Got response from /__/functions.yaml {"endpoints":{"confirmAppointment":{"availableMemoryMb":null,"timeoutSeconds":null,"minInstances":null,"maxInstances":10,"ingressSettings":null,"concurrency":null,"serviceAccountEmail":null,"vpc":null,"platform":"gcfv2","labels":{},"httpsTrigger":{},"entryPoint":"confirmAppointment"}},"specVersion":"v1alpha1","requiredAPIs":[],"extensions":{}}
[info] i  extensions: ensuring required API firebaseextensions.googleapis.com is enabled... 
[debug] [2025-07-25T17:49:04.883Z] > command requires scopes: ["email","openid","https://www.googleapis.com/auth/cloudplatformprojects.readonly","https://www.googleapis.com/auth/firebase","https://www.googleapis.com/auth/cloud-platform"]
[debug] [2025-07-25T17:49:04.883Z] > authorizing via signed-in user (ssenkubugeabbey055@gmail.com)
[debug] [2025-07-25T17:49:04.883Z] [iam] checking project azimbalife055 for permissions ["firebase.projects.get","firebaseextensions.instances.list"]
[debug] [2025-07-25T17:49:04.884Z] Checked if tokens are valid: true, expires at: 1753469286615
[debug] [2025-07-25T17:49:04.884Z] Checked if tokens are valid: true, expires at: 1753469286615
[debug] [2025-07-25T17:49:04.884Z] >>> [apiv2][query] POST https://cloudresourcemanager.googleapis.com/v1/projects/azimbalife055:testIamPermissions [none]
[debug] [2025-07-25T17:49:04.884Z] >>> [apiv2][(partial)header] POST https://cloudresourcemanager.googleapis.com/v1/projects/azimbalife055:testIamPermissions x-goog-quota-user=projects/azimbalife055
[debug] [2025-07-25T17:49:04.884Z] >>> [apiv2][body] POST https://cloudresourcemanager.googleapis.com/v1/projects/azimbalife055:testIamPermissions {"permissions":["firebase.projects.get","firebaseextensions.instances.list"]}
[debug] [2025-07-25T17:49:19.076Z] <<< [apiv2][status] POST https://cloudresourcemanager.googleapis.com/v1/projects/azimbalife055:testIamPermissions 200
[debug] [2025-07-25T17:49:19.076Z] <<< [apiv2][body] POST https://cloudresourcemanager.googleapis.com/v1/projects/azimbalife055:testIamPermissions {"permissions":["firebase.projects.get","firebaseextensions.instances.list"]}
[debug] [2025-07-25T17:49:19.077Z] Checked if tokens are valid: true, expires at: 1753469286615
[debug] [2025-07-25T17:49:19.077Z] Checked if tokens are valid: true, expires at: 1753469286615
[debug] [2025-07-25T17:49:19.077Z] >>> [apiv2][query] GET https://firebaseextensions.googleapis.com/v1beta/projects/azimbalife055/instances pageSize=100&pageToken=
