#
# There is insufficient memory for the Java Runtime Environment to continue.
# Native memory allocation (malloc) failed to allocate 1916976 bytes. Error detail: Chunk::new
# Possible reasons:
#   The system is out of physical RAM or swap space
#   This process is running with CompressedOops enabled, and the Java Heap may be blocking the growth of the native heap
# Possible solutions:
#   Reduce memory load on the system
#   Increase physical memory or swap space
#   Check if swap backing store is full
#   Decrease Java heap size (-Xmx/-Xms)
#   Decrease number of Java threads
#   Decrease Java thread stack sizes (-Xss)
#   Set larger code cache with -XX:ReservedCodeCacheSize=
#   JVM is running with Unscaled Compressed Oops mode in which the Java heap is
#     placed in the first 4GB address space. The Java Heap base address is the
#     maximum limit for the native heap growth. Please use -XX:HeapBaseMinAddress
#     to set the Java Heap base and to place the Java Heap above 4GB virtual address.
# This output file may be truncated or incomplete.
#
#  Out of Memory Error (arena.cpp:168), pid=12920, tid=22468
#
# JRE version: OpenJDK Runtime Environment (21.0.4) (build 21.0.4+-12508038-b607.1)
# Java VM: OpenJDK 64-Bit Server VM (21.0.4+-12508038-b607.1, mixed mode, tiered, compressed oops, compressed class ptrs, g1 gc, windows-amd64)
# No core dump will be written. Minidumps are not enabled by default on client versions of Windows
#

---------------  S U M M A R Y ------------

Command Line: --add-opens=java.base/java.util=ALL-UNNAMED --add-opens=java.base/java.lang=ALL-UNNAMED --add-opens=java.base/java.lang.invoke=ALL-UNNAMED --add-opens=java.prefs/java.util.prefs=ALL-UNNAMED --add-exports=jdk.compiler/com.sun.tools.javac.api=ALL-UNNAMED --add-exports=jdk.compiler/com.sun.tools.javac.util=ALL-UNNAMED --add-opens=java.base/java.nio.charset=ALL-UNNAMED --add-opens=java.base/java.net=ALL-UNNAMED --add-opens=java.base/java.util.concurrent.atomic=ALL-UNNAMED -Xmx2048m -Dfile.encoding=UTF-8 -Duser.country=US -Duser.language=en -Duser.variant -javaagent:C:\Users\agath\.gradle\wrapper\dists\gradle-8.10.2-bin\a04bxjujx95o3nb99gddekhwo\gradle-8.10.2\lib\agents\gradle-instrumentation-agent-8.10.2.jar org.gradle.launcher.daemon.bootstrap.GradleDaemon 8.10.2

Host: AMD Ryzen 7 7730U with Radeon Graphics         , 16 cores, 13G,  Windows 11 , 64 bit Build 26100 (10.0.26100.5074)
Time: Tue Oct  7 19:57:19 2025 E. Africa Standard Time elapsed time: 14.120195 seconds (0d 0h 0m 14s)

---------------  T H R E A D  ---------------

Current thread (0x00000270e732cd80):  JavaThread "C2 CompilerThread1" daemon [_thread_in_native, id=22468, stack(0x000000753c100000,0x000000753c200000) (1024K)]


Current CompileTask:
C2:  14120 3643   !   4       java.lang.ClassLoader::loadClass (121 bytes)

Stack: [0x000000753c100000,0x000000753c200000]
Native frames: (J=compiled Java code, j=interpreted, Vv=VM code, C=native code)
V  [jvm.dll+0x6ce539]
V  [jvm.dll+0x85bf03]
V  [jvm.dll+0x85e45e]
V  [jvm.dll+0x85eb43]
V  [jvm.dll+0x27dd06]
V  [jvm.dll+0xbf9cd]
V  [jvm.dll+0xbff03]
V  [jvm.dll+0x3b4db1]
V  [jvm.dll+0x1de1f2]
V  [jvm.dll+0x247544]
V  [jvm.dll+0x2469c1]
V  [jvm.dll+0x1c58a4]
V  [jvm.dll+0x255fec]
V  [jvm.dll+0x254536]
V  [jvm.dll+0x3efab6]
V  [jvm.dll+0x804418]
V  [jvm.dll+0x6cce0d]
C  [ucrtbase.dll+0x37b0]
C  [KERNEL32.DLL+0x2e8d7]
C  [ntdll.dll+0x8d9c]


---------------  P R O C E S S  ---------------

Threads class SMR info:
_java_thread_list=0x00000270e5143be0, length=46, elements={
0x00000270c61f4890, 0x00000270e08f7f80, 0x00000270e08fa9f0, 0x00000270e08d8c00,
0x00000270e08d9660, 0x00000270e08de7c0, 0x00000270e08df220, 0x00000270e08e0b20,
0x00000270e08e2130, 0x00000270e0a727d0, 0x00000270e0acaa70, 0x00000270e5074550,
0x00000270e6090730, 0x00000270e0b8f7a0, 0x00000270e5f06eb0, 0x00000270e5ef4020,
0x00000270e5ef56a0, 0x00000270e51c7940, 0x00000270e0b0b440, 0x00000270e0b09370,
0x00000270e0b0bad0, 0x00000270e0b0c160, 0x00000270e0b09a00, 0x00000270e0b0a090,
0x00000270e0b0a720, 0x00000270e732cd80, 0x00000270e0b0c7f0, 0x00000270ea035c50,
0x00000270ea0348a0, 0x00000270ea0355c0, 0x00000270ea0362e0, 0x00000270ea033b80,
0x00000270ea036970, 0x00000270ea037000, 0x00000270ea037690, 0x00000270ea034210,
0x00000270ea03a480, 0x00000270ea03ab10, 0x00000270ea039df0, 0x00000270ea039760,
0x00000270ea03b1a0, 0x00000270ea037d20, 0x00000270ea0383b0, 0x00000270ea038a40,
0x00000270ea0390d0, 0x00000270e82bee60
}

Java Threads: ( => current thread )
  0x00000270c61f4890 JavaThread "main"                              [_thread_blocked, id=21508, stack(0x000000753ae00000,0x000000753af00000) (1024K)]
  0x00000270e08f7f80 JavaThread "Reference Handler"          daemon [_thread_blocked, id=22332, stack(0x000000753b600000,0x000000753b700000) (1024K)]
  0x00000270e08fa9f0 JavaThread "Finalizer"                  daemon [_thread_blocked, id=18384, stack(0x000000753b700000,0x000000753b800000) (1024K)]
  0x00000270e08d8c00 JavaThread "Signal Dispatcher"          daemon [_thread_blocked, id=9712, stack(0x000000753b800000,0x000000753b900000) (1024K)]
  0x00000270e08d9660 JavaThread "Attach Listener"            daemon [_thread_blocked, id=1980, stack(0x000000753b900000,0x000000753ba00000) (1024K)]
  0x00000270e08de7c0 JavaThread "Service Thread"             daemon [_thread_blocked, id=4796, stack(0x000000753ba00000,0x000000753bb00000) (1024K)]
  0x00000270e08df220 JavaThread "Monitor Deflation Thread"   daemon [_thread_blocked, id=8076, stack(0x000000753bb00000,0x000000753bc00000) (1024K)]
  0x00000270e08e0b20 JavaThread "C2 CompilerThread0"         daemon [_thread_blocked, id=12616, stack(0x000000753bc00000,0x000000753bd00000) (1024K)]
  0x00000270e08e2130 JavaThread "C1 CompilerThread0"         daemon [_thread_blocked, id=7016, stack(0x000000753bd00000,0x000000753be00000) (1024K)]
  0x00000270e0a727d0 JavaThread "Common-Cleaner"             daemon [_thread_blocked, id=10216, stack(0x000000753be00000,0x000000753bf00000) (1024K)]
  0x00000270e0acaa70 JavaThread "C1 CompilerThread1"         daemon [_thread_blocked, id=21484, stack(0x000000753bf00000,0x000000753c000000) (1024K)]
  0x00000270e5074550 JavaThread "Notification Thread"        daemon [_thread_blocked, id=6280, stack(0x000000753c000000,0x000000753c100000) (1024K)]
  0x00000270e6090730 JavaThread "Daemon health stats"               [_thread_blocked, id=5744, stack(0x000000753c700000,0x000000753c800000) (1024K)]
  0x00000270e0b8f7a0 JavaThread "Incoming local TCP Connector on port 59448"        [_thread_in_native, id=12112, stack(0x000000753cc00000,0x000000753cd00000) (1024K)]
  0x00000270e5f06eb0 JavaThread "Daemon periodic checks"            [_thread_blocked, id=20568, stack(0x000000753cf00000,0x000000753d000000) (1024K)]
  0x00000270e5ef4020 JavaThread "Daemon"                            [_thread_blocked, id=14892, stack(0x000000753d000000,0x000000753d100000) (1024K)]
  0x00000270e5ef56a0 JavaThread "Handler for socket connection from /127.0.0.1:59448 to /127.0.0.1:59449"        [_thread_in_native, id=16600, stack(0x000000753d100000,0x000000753d200000) (1024K)]
  0x00000270e51c7940 JavaThread "Cancel handler"                    [_thread_blocked, id=20004, stack(0x000000753cd00000,0x000000753ce00000) (1024K)]
  0x00000270e0b0b440 JavaThread "Daemon worker"                     [_thread_in_native, id=13692, stack(0x000000753ce00000,0x000000753cf00000) (1024K)]
  0x00000270e0b09370 JavaThread "Asynchronous log dispatcher for DefaultDaemonConnection: socket connection from /127.0.0.1:59448 to /127.0.0.1:59449"        [_thread_blocked, id=1432, stack(0x000000753d200000,0x000000753d300000) (1024K)]
  0x00000270e0b0bad0 JavaThread "Stdin handler"                     [_thread_blocked, id=19848, stack(0x000000753d300000,0x000000753d400000) (1024K)]
  0x00000270e0b0c160 JavaThread "Daemon client event forwarder"        [_thread_blocked, id=11928, stack(0x000000753d400000,0x000000753d500000) (1024K)]
  0x00000270e0b09a00 JavaThread "Cache worker for journal cache (C:\Users\agath\.gradle\caches\journal-1)"        [_thread_blocked, id=9444, stack(0x000000753db00000,0x000000753dc00000) (1024K)]
  0x00000270e0b0a090 JavaThread "File lock request listener"        [_thread_in_native, id=20508, stack(0x000000753dc00000,0x000000753dd00000) (1024K)]
  0x00000270e0b0a720 JavaThread "Cache worker for file hash cache (C:\Users\agath\.gradle\caches\8.10.2\fileHashes)"        [_thread_blocked, id=11732, stack(0x000000753dd00000,0x000000753de00000) (1024K)]
=>0x00000270e732cd80 JavaThread "C2 CompilerThread1"         daemon [_thread_in_native, id=22468, stack(0x000000753c100000,0x000000753c200000) (1024K)]
  0x00000270e0b0c7f0 JavaThread "Cache worker for file hash cache (C:\Users\agath\Downloads\AZimbalife\.gradle\8.10.2\fileHashes)"        [_thread_blocked, id=21680, stack(0x000000753e000000,0x000000753e100000) (1024K)]
  0x00000270ea035c50 JavaThread "Cache worker for Build Output Cleanup Cache (C:\Users\agath\Downloads\AZimbalife\.gradle\buildOutputCleanup)"        [_thread_blocked, id=20572, stack(0x000000753e100000,0x000000753e200000) (1024K)]
  0x00000270ea0348a0 JavaThread "File watcher server"        daemon [_thread_in_native, id=3736, stack(0x000000753e200000,0x000000753e300000) (1024K)]
  0x00000270ea0355c0 JavaThread "File watcher consumer"      daemon [_thread_blocked, id=9128, stack(0x000000753df00000,0x000000753e000000) (1024K)]
  0x00000270ea0362e0 JavaThread "jar transforms"                    [_thread_blocked, id=3240, stack(0x000000753e300000,0x000000753e400000) (1024K)]
  0x00000270ea033b80 JavaThread "jar transforms Thread 2"           [_thread_blocked, id=14656, stack(0x000000753e400000,0x000000753e500000) (1024K)]
  0x00000270ea036970 JavaThread "jar transforms Thread 3"           [_thread_blocked, id=10316, stack(0x000000753e500000,0x000000753e600000) (1024K)]
  0x00000270ea037000 JavaThread "jar transforms Thread 4"           [_thread_blocked, id=14652, stack(0x000000753e600000,0x000000753e700000) (1024K)]
  0x00000270ea037690 JavaThread "jar transforms Thread 5"           [_thread_blocked, id=9900, stack(0x000000753e700000,0x000000753e800000) (1024K)]
  0x00000270ea034210 JavaThread "jar transforms Thread 6"           [_thread_blocked, id=7676, stack(0x000000753e800000,0x000000753e900000) (1024K)]
  0x00000270ea03a480 JavaThread "jar transforms Thread 7"           [_thread_blocked, id=15504, stack(0x000000753e900000,0x000000753ea00000) (1024K)]
  0x00000270ea03ab10 JavaThread "jar transforms Thread 8"           [_thread_blocked, id=3752, stack(0x000000753ea00000,0x000000753eb00000) (1024K)]
  0x00000270ea039df0 JavaThread "jar transforms Thread 9"           [_thread_blocked, id=19132, stack(0x000000753eb00000,0x000000753ec00000) (1024K)]
  0x00000270ea039760 JavaThread "jar transforms Thread 10"          [_thread_blocked, id=3340, stack(0x000000753ec00000,0x000000753ed00000) (1024K)]
  0x00000270ea03b1a0 JavaThread "jar transforms Thread 11"          [_thread_blocked, id=5936, stack(0x000000753ed00000,0x000000753ee00000) (1024K)]
  0x00000270ea037d20 JavaThread "jar transforms Thread 12"          [_thread_blocked, id=19096, stack(0x000000753ee00000,0x000000753ef00000) (1024K)]
  0x00000270ea0383b0 JavaThread "jar transforms Thread 13"          [_thread_blocked, id=1896, stack(0x000000753ef00000,0x000000753f000000) (1024K)]
  0x00000270ea038a40 JavaThread "jar transforms Thread 14"          [_thread_blocked, id=3076, stack(0x000000753f000000,0x000000753f100000) (1024K)]
  0x00000270ea0390d0 JavaThread "jar transforms Thread 15"          [_thread_blocked, id=21264, stack(0x000000753f100000,0x000000753f200000) (1024K)]
  0x00000270e82bee60 JavaThread "jar transforms Thread 16"          [_thread_blocked, id=20424, stack(0x000000753f200000,0x000000753f300000) (1024K)]
Total: 46

Other Threads:
  0x00000270e06a1f10 VMThread "VM Thread"                           [id=13776, stack(0x000000753b500000,0x000000753b600000) (1024K)]
  0x00000270e068eec0 WatcherThread "VM Periodic Task Thread"        [id=6012, stack(0x000000753b400000,0x000000753b500000) (1024K)]
  0x00000270c84a3d40 WorkerThread "GC Thread#0"                     [id=13936, stack(0x000000753af00000,0x000000753b000000) (1024K)]
  0x00000270e5144b70 WorkerThread "GC Thread#1"                     [id=3376, stack(0x000000753c200000,0x000000753c300000) (1024K)]
  0x00000270e5143450 WorkerThread "GC Thread#2"                     [id=22476, stack(0x000000753c300000,0x000000753c400000) (1024K)]
  0x00000270e5522850 WorkerThread "GC Thread#3"                     [id=1072, stack(0x000000753c400000,0x000000753c500000) (1024K)]
  0x00000270e5522ff0 WorkerThread "GC Thread#4"                     [id=12544, stack(0x000000753c500000,0x000000753c600000) (1024K)]
  0x00000270e5f71400 WorkerThread "GC Thread#5"                     [id=8468, stack(0x000000753c800000,0x000000753c900000) (1024K)]
  0x00000270e521dea0 WorkerThread "GC Thread#6"                     [id=18056, stack(0x000000753c900000,0x000000753ca00000) (1024K)]
  0x00000270e51c5f30 WorkerThread "GC Thread#7"                     [id=19864, stack(0x000000753ca00000,0x000000753cb00000) (1024K)]
  0x00000270e51c62d0 WorkerThread "GC Thread#8"                     [id=18144, stack(0x000000753cb00000,0x000000753cc00000) (1024K)]
  0x00000270e51c4d10 WorkerThread "GC Thread#9"                     [id=14412, stack(0x000000753d500000,0x000000753d600000) (1024K)]
  0x00000270e51c5b90 WorkerThread "GC Thread#10"                    [id=14688, stack(0x000000753d600000,0x000000753d700000) (1024K)]
  0x00000270e51c4970 WorkerThread "GC Thread#11"                    [id=17096, stack(0x000000753d700000,0x000000753d800000) (1024K)]
  0x00000270e51c50b0 WorkerThread "GC Thread#12"                    [id=7124, stack(0x000000753d800000,0x000000753d900000) (1024K)]
  0x00000270c84b4c30 ConcurrentGCThread "G1 Main Marker"            [id=12208, stack(0x000000753b000000,0x000000753b100000) (1024K)]
  0x00000270c84b5640 WorkerThread "G1 Conc#0"                       [id=15316, stack(0x000000753b100000,0x000000753b200000) (1024K)]
  0x00000270e51c5450 WorkerThread "G1 Conc#1"                       [id=12784, stack(0x000000753d900000,0x000000753da00000) (1024K)]
  0x00000270e51c57f0 WorkerThread "G1 Conc#2"                       [id=20928, stack(0x000000753da00000,0x000000753db00000) (1024K)]
  0x00000270e05626c0 ConcurrentGCThread "G1 Refine#0"               [id=11780, stack(0x000000753b200000,0x000000753b300000) (1024K)]
  0x00000270e0563040 ConcurrentGCThread "G1 Service"                [id=20880, stack(0x000000753b300000,0x000000753b400000) (1024K)]
Total: 21

Threads with active compile tasks:
C2 CompilerThread1    14210 3643   !   4       java.lang.ClassLoader::loadClass (121 bytes)
Total: 1

VM state: not at safepoint (normal execution)

VM Mutex/Monitor currently owned by a thread: None

Heap address: 0x0000000080000000, size: 2048 MB, Compressed Oops mode: 32-bit

CDS archive(s) not mapped
Compressed class space mapped at: 0x0000000100000000-0x0000000140000000, reserved size: 1073741824
Narrow klass base: 0x0000000000000000, Narrow klass shift: 3, Narrow klass range: 0x140000000

GC Precious Log:
 CardTable entry size: 512
 Card Set container configuration: InlinePtr #cards 5 size 8 Array Of Cards #cards 12 size 40 Howl #buckets 4 coarsen threshold 1843 Howl Bitmap #cards 512 size 80 coarsen threshold 460 Card regions per heap region 1 cards per card region 2048
 CPUs: 16 total, 16 available
 Memory: 14173M
 Large Page Support: Disabled
 NUMA Support: Disabled
 Compressed Oops: Enabled (32-bit)
 Heap Region Size: 1M
 Heap Min Capacity: 8M
 Heap Initial Capacity: 222M
 Heap Max Capacity: 2G
 Pre-touch: Disabled
 Parallel Workers: 13
 Concurrent Workers: 3
 Concurrent Refinement Workers: 13
 Periodic GC: Disabled

Heap:
 garbage-first heap   total 83968K, used 53282K [0x0000000080000000, 0x0000000100000000)
  region size 1024K, 19 young (19456K), 6 survivors (6144K)
 Metaspace       used 36460K, committed 37440K, reserved 1114112K
  class space    used 4916K, committed 5376K, reserved 1048576K

Heap Regions: E=young(eden), S=young(survivor), O=old, HS=humongous(starts), HC=humongous(continues), CS=collection set, F=free, TAMS=top-at-mark-start, PB=parsable bottom
|   0|0x0000000080000000, 0x0000000080100000, 0x0000000080100000|100%| O|  |TAMS 0x0000000080000000| PB 0x0000000080000000| Untracked 
|   1|0x0000000080100000, 0x0000000080200000, 0x0000000080200000|100%| O|  |TAMS 0x0000000080100000| PB 0x0000000080100000| Untracked 
|   2|0x0000000080200000, 0x0000000080300000, 0x0000000080300000|100%|HS|  |TAMS 0x0000000080200000| PB 0x0000000080200000| Complete 
|   3|0x0000000080300000, 0x0000000080400000, 0x0000000080400000|100%|HC|  |TAMS 0x0000000080300000| PB 0x0000000080300000| Complete 
|   4|0x0000000080400000, 0x0000000080500000, 0x0000000080500000|100%|HC|  |TAMS 0x0000000080400000| PB 0x0000000080400000| Complete 
|   5|0x0000000080500000, 0x0000000080600000, 0x0000000080600000|100%|HC|  |TAMS 0x0000000080500000| PB 0x0000000080500000| Complete 
|   6|0x0000000080600000, 0x0000000080700000, 0x0000000080700000|100%| O|  |TAMS 0x0000000080600000| PB 0x0000000080600000| Untracked 
|   7|0x0000000080700000, 0x0000000080800000, 0x0000000080800000|100%| O|  |TAMS 0x0000000080700000| PB 0x0000000080700000| Untracked 
|   8|0x0000000080800000, 0x0000000080900000, 0x0000000080900000|100%| O|Cm|TAMS 0x0000000080800000| PB 0x0000000080800000| Complete 
|   9|0x0000000080900000, 0x0000000080a00000, 0x0000000080a00000|100%|HS|  |TAMS 0x0000000080900000| PB 0x0000000080900000| Complete 
|  10|0x0000000080a00000, 0x0000000080b00000, 0x0000000080b00000|100%| O|  |TAMS 0x0000000080a00000| PB 0x0000000080a00000| Untracked 
|  11|0x0000000080b00000, 0x0000000080c00000, 0x0000000080c00000|100%| O|  |TAMS 0x0000000080b00000| PB 0x0000000080b00000| Untracked 
|  12|0x0000000080c00000, 0x0000000080d00000, 0x0000000080d00000|100%| O|  |TAMS 0x0000000080c00000| PB 0x0000000080c00000| Untracked 
|  13|0x0000000080d00000, 0x0000000080e00000, 0x0000000080e00000|100%| O|  |TAMS 0x0000000080d00000| PB 0x0000000080d00000| Untracked 
|  14|0x0000000080e00000, 0x0000000080f00000, 0x0000000080f00000|100%| O|  |TAMS 0x0000000080e00000| PB 0x0000000080e00000| Untracked 
|  15|0x0000000080f00000, 0x0000000081000000, 0x0000000081000000|100%| O|  |TAMS 0x0000000080f00000| PB 0x0000000080f00000| Untracked 
|  16|0x0000000081000000, 0x0000000081100000, 0x0000000081100000|100%| O|  |TAMS 0x0000000081000000| PB 0x0000000081000000| Untracked 
|  17|0x0000000081100000, 0x0000000081200000, 0x0000000081200000|100%| O|  |TAMS 0x0000000081100000| PB 0x0000000081100000| Untracked 
|  18|0x0000000081200000, 0x0000000081300000, 0x0000000081300000|100%| O|  |TAMS 0x0000000081200000| PB 0x0000000081200000| Untracked 
|  19|0x0000000081300000, 0x0000000081400000, 0x0000000081400000|100%| O|  |TAMS 0x0000000081300000| PB 0x0000000081300000| Untracked 
|  20|0x0000000081400000, 0x0000000081500000, 0x0000000081500000|100%| O|  |TAMS 0x0000000081400000| PB 0x0000000081400000| Untracked 
|  21|0x0000000081500000, 0x0000000081600000, 0x0000000081600000|100%| O|  |TAMS 0x0000000081500000| PB 0x0000000081500000| Untracked 
|  22|0x0000000081600000, 0x0000000081700000, 0x0000000081700000|100%|HS|  |TAMS 0x0000000081600000| PB 0x0000000081600000| Complete 
|  23|0x0000000081700000, 0x0000000081800000, 0x0000000081800000|100%|HC|  |TAMS 0x0000000081700000| PB 0x0000000081700000| Complete 
|  24|0x0000000081800000, 0x0000000081900000, 0x0000000081900000|100%|HC|  |TAMS 0x0000000081800000| PB 0x0000000081800000| Complete 
|  25|0x0000000081900000, 0x0000000081a00000, 0x0000000081a00000|100%|HS|  |TAMS 0x0000000081900000| PB 0x0000000081900000| Complete 
|  26|0x0000000081a00000, 0x0000000081b00000, 0x0000000081b00000|100%|HC|  |TAMS 0x0000000081a00000| PB 0x0000000081a00000| Complete 
|  27|0x0000000081b00000, 0x0000000081c00000, 0x0000000081c00000|100%|HS|  |TAMS 0x0000000081b00000| PB 0x0000000081b00000| Complete 
|  28|0x0000000081c00000, 0x0000000081c00000, 0x0000000081d00000|  0%| F|  |TAMS 0x0000000081c00000| PB 0x0000000081c00000| Untracked 
|  29|0x0000000081d00000, 0x0000000081d00000, 0x0000000081e00000|  0%| F|  |TAMS 0x0000000081d00000| PB 0x0000000081d00000| Untracked 
|  30|0x0000000081e00000, 0x0000000081e00000, 0x0000000081f00000|  0%| F|  |TAMS 0x0000000081e00000| PB 0x0000000081e00000| Untracked 
|  31|0x0000000081f00000, 0x0000000081f00000, 0x0000000082000000|  0%| F|  |TAMS 0x0000000081f00000| PB 0x0000000081f00000| Untracked 
|  32|0x0000000082000000, 0x0000000082000000, 0x0000000082100000|  0%| F|  |TAMS 0x0000000082000000| PB 0x0000000082000000| Untracked 
|  33|0x0000000082100000, 0x0000000082200000, 0x0000000082200000|100%|HS|  |TAMS 0x0000000082100000| PB 0x0000000082100000| Complete 
|  34|0x0000000082200000, 0x0000000082300000, 0x0000000082300000|100%|HC|  |TAMS 0x0000000082200000| PB 0x0000000082200000| Complete 
|  35|0x0000000082300000, 0x0000000082400000, 0x0000000082400000|100%|HC|  |TAMS 0x0000000082300000| PB 0x0000000082300000| Complete 
|  36|0x0000000082400000, 0x0000000082500000, 0x0000000082500000|100%|HC|  |TAMS 0x0000000082400000| PB 0x0000000082400000| Complete 
|  37|0x0000000082500000, 0x0000000082600000, 0x0000000082600000|100%|HC|  |TAMS 0x0000000082500000| PB 0x0000000082500000| Complete 
|  38|0x0000000082600000, 0x0000000082700000, 0x0000000082700000|100%|HC|  |TAMS 0x0000000082600000| PB 0x0000000082600000| Complete 
|  39|0x0000000082700000, 0x0000000082800000, 0x0000000082800000|100%| O|  |TAMS 0x0000000082700000| PB 0x0000000082700000| Untracked 
|  40|0x0000000082800000, 0x00000000828414e0, 0x0000000082900000| 25%| O|  |TAMS 0x0000000082800000| PB 0x0000000082800000| Untracked 
|  41|0x0000000082900000, 0x0000000082900000, 0x0000000082a00000|  0%| F|  |TAMS 0x0000000082900000| PB 0x0000000082900000| Untracked 
|  42|0x0000000082a00000, 0x0000000082a00000, 0x0000000082b00000|  0%| F|  |TAMS 0x0000000082a00000| PB 0x0000000082a00000| Untracked 
|  43|0x0000000082b00000, 0x0000000082b00000, 0x0000000082c00000|  0%| F|  |TAMS 0x0000000082b00000| PB 0x0000000082b00000| Untracked 
|  44|0x0000000082c00000, 0x0000000082c00000, 0x0000000082d00000|  0%| F|  |TAMS 0x0000000082c00000| PB 0x0000000082c00000| Untracked 
|  45|0x0000000082d00000, 0x0000000082d00000, 0x0000000082e00000|  0%| F|  |TAMS 0x0000000082d00000| PB 0x0000000082d00000| Untracked 
|  46|0x0000000082e00000, 0x0000000082e00000, 0x0000000082f00000|  0%| F|  |TAMS 0x0000000082e00000| PB 0x0000000082e00000| Untracked 
|  47|0x0000000082f00000, 0x0000000082f00000, 0x0000000083000000|  0%| F|  |TAMS 0x0000000082f00000| PB 0x0000000082f00000| Untracked 
|  48|0x0000000083000000, 0x0000000083000000, 0x0000000083100000|  0%| F|  |TAMS 0x0000000083000000| PB 0x0000000083000000| Untracked 
|  49|0x0000000083100000, 0x0000000083100000, 0x0000000083200000|  0%| F|  |TAMS 0x0000000083100000| PB 0x0000000083100000| Untracked 
|  50|0x0000000083200000, 0x0000000083200000, 0x0000000083300000|  0%| F|  |TAMS 0x0000000083200000| PB 0x0000000083200000| Untracked 
|  51|0x0000000083300000, 0x0000000083300000, 0x0000000083400000|  0%| F|  |TAMS 0x0000000083300000| PB 0x0000000083300000| Untracked 
|  52|0x0000000083400000, 0x0000000083400000, 0x0000000083500000|  0%| F|  |TAMS 0x0000000083400000| PB 0x0000000083400000| Untracked 
|  53|0x0000000083500000, 0x0000000083500000, 0x0000000083600000|  0%| F|  |TAMS 0x0000000083500000| PB 0x0000000083500000| Untracked 
|  54|0x0000000083600000, 0x0000000083600000, 0x0000000083700000|  0%| F|  |TAMS 0x0000000083600000| PB 0x0000000083600000| Untracked 
|  55|0x0000000083700000, 0x0000000083700000, 0x0000000083800000|  0%| F|  |TAMS 0x0000000083700000| PB 0x0000000083700000| Untracked 
|  56|0x0000000083800000, 0x0000000083800000, 0x0000000083900000|  0%| F|  |TAMS 0x0000000083800000| PB 0x0000000083800000| Untracked 
|  57|0x0000000083900000, 0x0000000083900000, 0x0000000083a00000|  0%| F|  |TAMS 0x0000000083900000| PB 0x0000000083900000| Untracked 
|  58|0x0000000083a00000, 0x0000000083a00000, 0x0000000083b00000|  0%| F|  |TAMS 0x0000000083a00000| PB 0x0000000083a00000| Untracked 
|  59|0x0000000083b00000, 0x0000000083b00000, 0x0000000083c00000|  0%| F|  |TAMS 0x0000000083b00000| PB 0x0000000083b00000| Untracked 
|  60|0x0000000083c00000, 0x0000000083c00000, 0x0000000083d00000|  0%| F|  |TAMS 0x0000000083c00000| PB 0x0000000083c00000| Untracked 
|  61|0x0000000083d00000, 0x0000000083d00000, 0x0000000083e00000|  0%| F|  |TAMS 0x0000000083d00000| PB 0x0000000083d00000| Untracked 
|  62|0x0000000083e00000, 0x0000000083e00000, 0x0000000083f00000|  0%| F|  |TAMS 0x0000000083e00000| PB 0x0000000083e00000| Untracked 
|  63|0x0000000083f00000, 0x0000000083ff9ee8, 0x0000000084000000| 97%| E|  |TAMS 0x0000000083f00000| PB 0x0000000083f00000| Complete 
|  64|0x0000000084000000, 0x0000000084100000, 0x0000000084100000|100%| E|CS|TAMS 0x0000000084000000| PB 0x0000000084000000| Complete 
|  65|0x0000000084100000, 0x0000000084200000, 0x0000000084200000|100%| E|CS|TAMS 0x0000000084100000| PB 0x0000000084100000| Complete 
|  66|0x0000000084200000, 0x0000000084300000, 0x0000000084300000|100%| E|CS|TAMS 0x0000000084200000| PB 0x0000000084200000| Complete 
|  67|0x0000000084300000, 0x00000000843c7598, 0x0000000084400000| 77%| S|CS|TAMS 0x0000000084300000| PB 0x0000000084300000| Complete 
|  68|0x0000000084400000, 0x0000000084500000, 0x0000000084500000|100%| S|CS|TAMS 0x0000000084400000| PB 0x0000000084400000| Complete 
|  69|0x0000000084500000, 0x0000000084600000, 0x0000000084600000|100%| S|CS|TAMS 0x0000000084500000| PB 0x0000000084500000| Complete 
|  70|0x0000000084600000, 0x0000000084700000, 0x0000000084700000|100%| S|CS|TAMS 0x0000000084600000| PB 0x0000000084600000| Complete 
|  71|0x0000000084700000, 0x0000000084800000, 0x0000000084800000|100%| S|CS|TAMS 0x0000000084700000| PB 0x0000000084700000| Complete 
| 199|0x000000008c700000, 0x000000008c800000, 0x000000008c800000|100%| S|CS|TAMS 0x000000008c700000| PB 0x000000008c700000| Complete 
| 200|0x000000008c800000, 0x000000008c900000, 0x000000008c900000|100%| E|CS|TAMS 0x000000008c800000| PB 0x000000008c800000| Complete 
| 201|0x000000008c900000, 0x000000008ca00000, 0x000000008ca00000|100%| E|CS|TAMS 0x000000008c900000| PB 0x000000008c900000| Complete 
| 202|0x000000008ca00000, 0x000000008cb00000, 0x000000008cb00000|100%| E|CS|TAMS 0x000000008ca00000| PB 0x000000008ca00000| Complete 
| 203|0x000000008cb00000, 0x000000008cc00000, 0x000000008cc00000|100%| E|CS|TAMS 0x000000008cb00000| PB 0x000000008cb00000| Complete 
| 204|0x000000008cc00000, 0x000000008cd00000, 0x000000008cd00000|100%| E|CS|TAMS 0x000000008cc00000| PB 0x000000008cc00000| Complete 
| 205|0x000000008cd00000, 0x000000008ce00000, 0x000000008ce00000|100%| E|CS|TAMS 0x000000008cd00000| PB 0x000000008cd00000| Complete 
| 206|0x000000008ce00000, 0x000000008cf00000, 0x000000008cf00000|100%| E|  |TAMS 0x000000008ce00000| PB 0x000000008ce00000| Complete 
| 207|0x000000008cf00000, 0x000000008d000000, 0x000000008d000000|100%| E|CS|TAMS 0x000000008cf00000| PB 0x000000008cf00000| Complete 
| 221|0x000000008dd00000, 0x000000008de00000, 0x000000008de00000|100%| E|CS|TAMS 0x000000008dd00000| PB 0x000000008dd00000| Complete 

Card table byte_map: [0x00000270db210000,0x00000270db610000] _byte_map_base: 0x00000270dae10000

Marking Bits: (CMBitMap*) 0x00000270c84a4350
 Bits: [0x00000270db610000, 0x00000270dd610000)

Polling page: 0x00000270c6380000

Metaspace:

Usage:
  Non-class:     30.81 MB used.
      Class:      4.80 MB used.
       Both:     35.62 MB used.

Virtual space:
  Non-class space:       64.00 MB reserved,      31.31 MB ( 49%) committed,  1 nodes.
      Class space:        1.00 GB reserved,       5.25 MB ( <1%) committed,  1 nodes.
             Both:        1.06 GB reserved,      36.56 MB (  3%) committed. 

Chunk freelists:
   Non-Class:  752.00 KB
       Class:  10.60 MB
        Both:  11.33 MB

MaxMetaspaceSize: unlimited
CompressedClassSpaceSize: 1.00 GB
Initial GC threshold: 21.00 MB
Current GC threshold: 58.75 MB
CDS: off
 - commit_granule_bytes: 65536.
 - commit_granule_words: 8192.
 - virtual_space_node_default_size: 8388608.
 - enlarge_chunks_in_place: 1.
 - use_allocation_guard: 0.


Internal statistics:

num_allocs_failed_limit: 6.
num_arena_births: 1522.
num_arena_deaths: 0.
num_vsnodes_births: 2.
num_vsnodes_deaths: 0.
num_space_committed: 585.
num_space_uncommitted: 0.
num_chunks_returned_to_freelist: 6.
num_chunks_taken_from_freelist: 2795.
num_chunk_merges: 6.
num_chunk_splits: 1745.
num_chunks_enlarged: 1051.
num_inconsistent_stats: 0.

CodeHeap 'non-profiled nmethods': size=119168Kb used=1846Kb max_used=1980Kb free=117321Kb
 bounds [0x00000270d3130000, 0x00000270d33a0000, 0x00000270da590000]
CodeHeap 'profiled nmethods': size=119104Kb used=6773Kb max_used=7454Kb free=112330Kb
 bounds [0x00000270cb590000, 0x00000270cbce0000, 0x00000270d29e0000]
CodeHeap 'non-nmethods': size=7488Kb used=2053Kb max_used=3193Kb free=5434Kb
 bounds [0x00000270d29e0000, 0x00000270d2d10000, 0x00000270d3130000]
 total_blobs=3947 nmethods=3362 adapters=488
 compilation: enabled
              stopped_count=0, restarted_count=0
 full_count=0

Compilation events (20 events):
Event: 13.049 Thread 0x00000270e08e2130 3763       3       com.google.common.collect.ImmutableList::<init> (5 bytes)
Event: 13.049 Thread 0x00000270e08e2130 nmethod 3763 0x00000270cb64ce10 code [0x00000270cb64cfc0, 0x00000270cb64d1e8]
Event: 13.052 Thread 0x00000270e5e3a3c0 3764       3       java.lang.Class::getMethod (59 bytes)
Event: 13.052 Thread 0x00000270e0acaa70 3765       3       java.lang.Class::getMethod0 (31 bytes)
Event: 13.053 Thread 0x00000270e0acaa70 nmethod 3765 0x00000270cb78c090 code [0x00000270cb78c260, 0x00000270cb78c488]
Event: 13.054 Thread 0x00000270e5e3a3c0 nmethod 3764 0x00000270cb9d8b90 code [0x00000270cb9d8e40, 0x00000270cb9d9968]
Event: 13.058 Thread 0x00000270e7779fc0 3766       4       java.lang.invoke.LambdaForm::normalizeNames (270 bytes)
Event: 13.064 Thread 0x00000270e0acaa70 3767       3       com.google.common.collect.ImmutableCollection$Builder::<init> (5 bytes)
Event: 13.064 Thread 0x00000270e0acaa70 nmethod 3767 0x00000270cb724690 code [0x00000270cb724820, 0x00000270cb724988]
Event: 13.097 Thread 0x00000270e08e2130 3768       3       java.util.TreeMap$PrivateEntryIterator::hasNext (13 bytes)
Event: 13.097 Thread 0x00000270e08e2130 nmethod 3768 0x00000270cb5fec10 code [0x00000270cb5feda0, 0x00000270cb5fef08]
Event: 13.100 Thread 0x00000270e7779fc0 nmethod 3766 0x00000270d3243b10 code [0x00000270d3243d60, 0x00000270d3244dc0]
Event: 13.205 Thread 0x00000270e08e2130 3769   !   3       java.util.concurrent.locks.LockSupport::parkNanos (56 bytes)
Event: 13.205 Thread 0x00000270e08e2130 nmethod 3769 0x00000270cb816790 code [0x00000270cb816980, 0x00000270cb816dc0]
Event: 13.269 Thread 0x00000270e0acaa70 3770       1       javax.management.ObjectName$Property::setKeyIndex (6 bytes)
Event: 13.270 Thread 0x00000270e0acaa70 nmethod 3770 0x00000270d3184290 code [0x00000270d3184420, 0x00000270d31844e8]
Event: 13.270 Thread 0x00000270e0acaa70 3771       1       sun.management.MemoryPoolImpl::getName (5 bytes)
Event: 13.270 Thread 0x00000270e0acaa70 nmethod 3771 0x00000270d3183f90 code [0x00000270d3184120, 0x00000270d31841e8]
Event: 13.771 Thread 0x00000270e0acaa70 3772       3       java.util.concurrent.locks.AbstractQueuedSynchronizer$ConditionObject::unlinkCancelledWaiters (91 bytes)
Event: 13.771 Thread 0x00000270e0acaa70 nmethod 3772 0x00000270cb907290 code [0x00000270cb907460, 0x00000270cb9078e8]

GC Heap History (14 events):
Event: 1.896 GC heap before
{Heap before GC invocations=0 (full 0):
 garbage-first heap   total 227328K, used 22528K [0x0000000080000000, 0x0000000100000000)
  region size 1024K, 23 young (23552K), 0 survivors (0K)
 Metaspace       used 8008K, committed 8192K, reserved 1114112K
  class space    used 709K, committed 768K, reserved 1048576K
}
Event: 1.904 GC heap after
{Heap after GC invocations=1 (full 0):
 garbage-first heap   total 227328K, used 4969K [0x0000000080000000, 0x0000000100000000)
  region size 1024K, 3 young (3072K), 3 survivors (3072K)
 Metaspace       used 8008K, committed 8192K, reserved 1114112K
  class space    used 709K, committed 768K, reserved 1048576K
}
Event: 3.776 GC heap before
{Heap before GC invocations=1 (full 0):
 garbage-first heap   total 227328K, used 40809K [0x0000000080000000, 0x0000000100000000)
  region size 1024K, 35 young (35840K), 3 survivors (3072K)
 Metaspace       used 12229K, committed 12416K, reserved 1114112K
  class space    used 1276K, committed 1408K, reserved 1048576K
}
Event: 3.782 GC heap after
{Heap after GC invocations=2 (full 0):
 garbage-first heap   total 227328K, used 12082K [0x0000000080000000, 0x0000000100000000)
  region size 1024K, 4 young (4096K), 4 survivors (4096K)
 Metaspace       used 12229K, committed 12416K, reserved 1114112K
  class space    used 1276K, committed 1408K, reserved 1048576K
}
Event: 6.539 GC heap before
{Heap before GC invocations=2 (full 0):
 garbage-first heap   total 227328K, used 66354K [0x0000000080000000, 0x0000000100000000)
  region size 1024K, 56 young (57344K), 4 survivors (4096K)
 Metaspace       used 17048K, committed 17344K, reserved 1114112K
  class space    used 1921K, committed 2048K, reserved 1048576K
}
Event: 6.549 GC heap after
{Heap after GC invocations=3 (full 0):
 garbage-first heap   total 227328K, used 19327K [0x0000000080000000, 0x0000000100000000)
  region size 1024K, 7 young (7168K), 7 survivors (7168K)
 Metaspace       used 17048K, committed 17344K, reserved 1114112K
  class space    used 1921K, committed 2048K, reserved 1048576K
}
Event: 7.474 GC heap before
{Heap before GC invocations=3 (full 0):
 garbage-first heap   total 227328K, used 32639K [0x0000000080000000, 0x0000000100000000)
  region size 1024K, 21 young (21504K), 7 survivors (7168K)
 Metaspace       used 21160K, committed 21504K, reserved 1114112K
  class space    used 2406K, committed 2560K, reserved 1048576K
}
Event: 7.480 GC heap after
{Heap after GC invocations=4 (full 0):
 garbage-first heap   total 227328K, used 21375K [0x0000000080000000, 0x0000000100000000)
  region size 1024K, 9 young (9216K), 9 survivors (9216K)
 Metaspace       used 21160K, committed 21504K, reserved 1114112K
  class space    used 2406K, committed 2560K, reserved 1048576K
}
Event: 10.721 GC heap before
{Heap before GC invocations=5 (full 0):
 garbage-first heap   total 71680K, used 70527K [0x0000000080000000, 0x0000000100000000)
  region size 1024K, 58 young (59392K), 9 survivors (9216K)
 Metaspace       used 29314K, committed 29952K, reserved 1114112K
  class space    used 3705K, committed 3968K, reserved 1048576K
}
Event: 10.731 GC heap after
{Heap after GC invocations=6 (full 0):
 garbage-first heap   total 83968K, used 24447K [0x0000000080000000, 0x0000000100000000)
  region size 1024K, 12 young (12288K), 12 survivors (12288K)
 Metaspace       used 29314K, committed 29952K, reserved 1114112K
  class space    used 3705K, committed 3968K, reserved 1048576K
}
Event: 11.952 GC heap before
{Heap before GC invocations=6 (full 0):
 garbage-first heap   total 83968K, used 61311K [0x0000000080000000, 0x0000000100000000)
  region size 1024K, 49 young (50176K), 12 survivors (12288K)
 Metaspace       used 34378K, committed 35264K, reserved 1114112K
  class space    used 4564K, committed 4992K, reserved 1048576K
}
Event: 11.961 GC heap after
{Heap after GC invocations=7 (full 0):
 garbage-first heap   total 83968K, used 26716K [0x0000000080000000, 0x0000000100000000)
  region size 1024K, 6 young (6144K), 6 survivors (6144K)
 Metaspace       used 34378K, committed 35264K, reserved 1114112K
  class space    used 4564K, committed 4992K, reserved 1048576K
}
Event: 12.334 GC heap before
{Heap before GC invocations=7 (full 0):
 garbage-first heap   total 83968K, used 46172K [0x0000000080000000, 0x0000000100000000)
  region size 1024K, 15 young (15360K), 6 survivors (6144K)
 Metaspace       used 35113K, committed 35968K, reserved 1114112K
  class space    used 4691K, committed 5120K, reserved 1048576K
}
Event: 12.340 GC heap after
{Heap after GC invocations=8 (full 0):
 garbage-first heap   total 83968K, used 40994K [0x0000000080000000, 0x0000000100000000)
  region size 1024K, 6 young (6144K), 6 survivors (6144K)
 Metaspace       used 35113K, committed 35968K, reserved 1114112K
  class space    used 4691K, committed 5120K, reserved 1048576K
}

Dll operation events (3 events):
Event: 0.046 Loaded shared library C:\Program Files\Android\Android Studio\jbr\bin\java.dll
Event: 0.058 Loaded shared library C:\Program Files\Android\Android Studio\jbr\bin\zip.dll
Event: 2.010 Loaded shared library C:\Program Files\Android\Android Studio\jbr\bin\verify.dll

Deoptimization events (20 events):
Event: 12.209 Thread 0x00000270e0b0b440 DEOPT PACKING pc=0x00000270d32c3e54 sp=0x000000753cefbc80
Event: 12.209 Thread 0x00000270e0b0b440 DEOPT UNPACKING pc=0x00000270d2a346a2 sp=0x000000753cefba18 mode 2
Event: 12.211 Thread 0x00000270e0b0b440 Uncommon trap: trap_request=0xffffff45 fr.pc=0x00000270d32dcdd4 relative=0x0000000000005c94
Event: 12.211 Thread 0x00000270e0b0b440 Uncommon trap: reason=unstable_if action=reinterpret pc=0x00000270d32dcdd4 method=java.util.zip.ZipFile.getInputStream(Ljava/util/zip/ZipEntry;)Ljava/io/InputStream; @ 101 c2
Event: 12.211 Thread 0x00000270e0b0b440 DEOPT PACKING pc=0x00000270d32dcdd4 sp=0x000000753cef7f30
Event: 12.211 Thread 0x00000270e0b0b440 DEOPT UNPACKING pc=0x00000270d2a346a2 sp=0x000000753cef7c10 mode 2
Event: 12.212 Thread 0x00000270e0b0b440 Uncommon trap: trap_request=0xffffff45 fr.pc=0x00000270d32fa9b0 relative=0x0000000000005d10
Event: 12.212 Thread 0x00000270e0b0b440 Uncommon trap: reason=unstable_if action=reinterpret pc=0x00000270d32fa9b0 method=java.util.zip.ZipFile.getInputStream(Ljava/util/zip/ZipEntry;)Ljava/io/InputStream; @ 101 c2
Event: 12.212 Thread 0x00000270e0b0b440 DEOPT PACKING pc=0x00000270d32fa9b0 sp=0x000000753cef7ec0
Event: 12.212 Thread 0x00000270e0b0b440 DEOPT UNPACKING pc=0x00000270d2a346a2 sp=0x000000753cef7c08 mode 2
Event: 12.465 Thread 0x00000270e0b0b440 DEOPT PACKING pc=0x00000270cb884661 sp=0x000000753cef9b60
Event: 12.465 Thread 0x00000270e0b0b440 DEOPT UNPACKING pc=0x00000270d2a34e42 sp=0x000000753cef90d0 mode 0
Event: 12.491 Thread 0x00000270e0b0b440 DEOPT PACKING pc=0x00000270cb9b8793 sp=0x000000753cefb1c0
Event: 12.491 Thread 0x00000270e0b0b440 DEOPT UNPACKING pc=0x00000270d2a34e42 sp=0x000000753cefa658 mode 0
Event: 12.515 Thread 0x00000270e0b0b440 DEOPT PACKING pc=0x00000270cb9b8793 sp=0x000000753cefac70
Event: 12.515 Thread 0x00000270e0b0b440 DEOPT UNPACKING pc=0x00000270d2a34e42 sp=0x000000753cefa108 mode 0
Event: 12.597 Thread 0x00000270e0b0b440 DEOPT PACKING pc=0x00000270cb884661 sp=0x000000753cef9b10
Event: 12.597 Thread 0x00000270e0b0b440 DEOPT UNPACKING pc=0x00000270d2a34e42 sp=0x000000753cef9080 mode 0
Event: 12.627 Thread 0x00000270e0b0b440 DEOPT PACKING pc=0x00000270cb5c87b3 sp=0x000000753cefafc0
Event: 12.627 Thread 0x00000270e0b0b440 DEOPT UNPACKING pc=0x00000270d2a34e42 sp=0x000000753cefa498 mode 0

Classes loaded (20 events):
Event: 12.122 Loading class sun/nio/fs/WindowsPath$1
Event: 12.122 Loading class sun/nio/fs/WindowsPath$1 done
Event: 12.856 Loading class java/util/concurrent/locks/ReentrantReadWriteLock
Event: 12.857 Loading class java/util/concurrent/locks/ReadWriteLock
Event: 12.857 Loading class java/util/concurrent/locks/ReadWriteLock done
Event: 12.857 Loading class java/util/concurrent/locks/ReentrantReadWriteLock done
Event: 12.857 Loading class java/util/concurrent/locks/ReentrantReadWriteLock$NonfairSync
Event: 12.857 Loading class java/util/concurrent/locks/ReentrantReadWriteLock$Sync
Event: 12.857 Loading class java/util/concurrent/locks/ReentrantReadWriteLock$Sync done
Event: 12.857 Loading class java/util/concurrent/locks/ReentrantReadWriteLock$NonfairSync done
Event: 12.858 Loading class java/util/concurrent/locks/ReentrantReadWriteLock$Sync$ThreadLocalHoldCounter
Event: 12.858 Loading class java/util/concurrent/locks/ReentrantReadWriteLock$Sync$ThreadLocalHoldCounter done
Event: 12.858 Loading class java/util/concurrent/locks/ReentrantReadWriteLock$ReadLock
Event: 12.858 Loading class java/util/concurrent/locks/ReentrantReadWriteLock$ReadLock done
Event: 12.858 Loading class java/util/concurrent/locks/ReentrantReadWriteLock$WriteLock
Event: 12.858 Loading class java/util/concurrent/locks/ReentrantReadWriteLock$WriteLock done
Event: 12.917 Loading class java/util/concurrent/Executors$AutoShutdownDelegatedExecutorService
Event: 12.917 Loading class java/util/concurrent/Executors$DelegatedExecutorService
Event: 12.917 Loading class java/util/concurrent/Executors$DelegatedExecutorService done
Event: 12.917 Loading class java/util/concurrent/Executors$AutoShutdownDelegatedExecutorService done

Classes unloaded (0 events):
No events

Classes redefined (0 events):
No events

Internal exceptions (20 events):
Event: 12.655 Thread 0x00000270e0b0b440 Exception <a 'java/lang/NoSuchMethodError'{0x000000008cb9e4d0}: static Lorg/jetbrains/plugins/gradle/model/IntelliJSettings;.<clinit>()V> (0x000000008cb9e4d0) 
thrown [s\src\hotspot\share\prims\jni.cpp, line 1135]
Event: 12.657 Thread 0x00000270e0b0b440 Exception <a 'java/lang/NoSuchMethodError'{0x000000008cbaeb60}: static Lorg/jetbrains/plugins/gradle/model/DependencyAccessorsModel;.<clinit>()V> (0x000000008cbaeb60) 
thrown [s\src\hotspot\share\prims\jni.cpp, line 1135]
Event: 12.665 Thread 0x00000270e0b0b440 Exception <a 'java/lang/NoSuchMethodError'{0x000000008cbdcfd0}: static Lcom/intellij/gradle/toolingExtension/impl/model/buildScriptClasspathModel/GradleBuildScriptClasspathModelProvider;.<clinit>()V> (0x000000008cbdcfd0) 
thrown [s\src\hotspot\share\prims\jni.cpp, line 1135]
Event: 12.674 Thread 0x00000270e0b0b440 Exception <a 'java/lang/NoSuchMethodError'{0x000000008cbf4160}: static Lcom/intellij/gradle/toolingExtension/impl/model/taskModel/GradleTaskModelProvider;.<clinit>()V> (0x000000008cbf4160) 
thrown [s\src\hotspot\share\prims\jni.cpp, line 1135]
Event: 12.683 Thread 0x00000270e0b0b440 Exception <a 'java/lang/NoSuchMethodError'{0x000000008ca0cab8}: static Lcom/intellij/gradle/toolingExtension/impl/model/sourceSetModel/GradleSourceSetModelProvider;.<clinit>()V> (0x000000008ca0cab8) 
thrown [s\src\hotspot\share\prims\jni.cpp, line 1135]
Event: 12.706 Thread 0x00000270e0b0b440 Exception <a 'java/lang/NoSuchMethodError'{0x000000008ca257c8}: static Lcom/intellij/gradle/toolingExtension/impl/model/sourceSetDependencyModel/GradleSourceSetDependencyModelProvider;.<clinit>()V> (0x000000008ca257c8) 
thrown [s\src\hotspot\share\prims\jni.cpp, line 1135]
Event: 12.741 Thread 0x00000270e0b0b440 Exception <a 'java/lang/NoSuchMethodError'{0x000000008ca4dc90}: static Lorg/jetbrains/plugins/gradle/model/ExternalProjectDependency;.<clinit>()V> (0x000000008ca4dc90) 
thrown [s\src\hotspot\share\prims\jni.cpp, line 1135]
Event: 12.742 Thread 0x00000270e0b0b440 Exception <a 'java/lang/NoSuchMethodError'{0x000000008ca5dd28}: static Lorg/jetbrains/plugins/gradle/model/ExternalLibraryDependency;.<clinit>()V> (0x000000008ca5dd28) 
thrown [s\src\hotspot\share\prims\jni.cpp, line 1135]
Event: 12.744 Thread 0x00000270e0b0b440 Exception <a 'java/lang/NoSuchMethodError'{0x000000008ca6d790}: static Lorg/jetbrains/plugins/gradle/model/FileCollectionDependency;.<clinit>()V> (0x000000008ca6d790) 
thrown [s\src\hotspot\share\prims\jni.cpp, line 1135]
Event: 12.780 Thread 0x00000270e0b0b440 Exception <a 'java/lang/NoSuchMethodError'{0x000000008ca7d280}: static Lorg/jetbrains/plugins/gradle/model/UnresolvedExternalDependency;.<clinit>()V> (0x000000008ca7d280) 
thrown [s\src\hotspot\share\prims\jni.cpp, line 1135]
Event: 12.804 Thread 0x00000270e0b0b440 Exception <a 'java/lang/NoSuchMethodError'{0x000000008c93e758}: static Lorg/gradle/tooling/internal/consumer/versioning/VersionDetails;.<clinit>()V> (0x000000008c93e758) 
thrown [s\src\hotspot\share\prims\jni.cpp, line 1135]
Event: 12.804 Thread 0x00000270e0b0b440 Exception <a 'java/lang/NoSuchMethodError'{0x000000008c9413c8}: static Lorg/gradle/tooling/internal/consumer/versioning/VersionDetails$R26VersionDetails;.<clinit>()V> (0x000000008c9413c8) 
thrown [s\src\hotspot\share\prims\jni.cpp, line 1135]
Event: 12.804 Thread 0x00000270e0b0b440 Exception <a 'java/lang/NoSuchMethodError'{0x000000008c942a60}: static Lorg/gradle/tooling/internal/consumer/versioning/VersionDetails$R28VersionDetails;.<clinit>()V> (0x000000008c942a60) 
thrown [s\src\hotspot\share\prims\jni.cpp, line 1135]
Event: 12.805 Thread 0x00000270e0b0b440 Exception <a 'java/lang/NoSuchMethodError'{0x000000008c944008}: static Lorg/gradle/tooling/internal/consumer/versioning/VersionDetails$R35VersionDetails;.<clinit>()V> (0x000000008c944008) 
thrown [s\src\hotspot\share\prims\jni.cpp, line 1135]
Event: 12.805 Thread 0x00000270e0b0b440 Exception <a 'java/lang/NoSuchMethodError'{0x000000008c945778}: static Lorg/gradle/tooling/internal/consumer/versioning/VersionDetails$R44VersionDetails;.<clinit>()V> (0x000000008c945778) 
thrown [s\src\hotspot\share\prims\jni.cpp, line 1135]
Event: 12.805 Thread 0x00000270e0b0b440 Exception <a 'java/lang/NoSuchMethodError'{0x000000008c946e20}: static Lorg/gradle/tooling/internal/consumer/versioning/VersionDetails$R48VersionDetails;.<clinit>()V> (0x000000008c946e20) 
thrown [s\src\hotspot\share\prims\jni.cpp, line 1135]
Event: 12.805 Thread 0x00000270e0b0b440 Exception <a 'java/lang/NoSuchMethodError'{0x000000008c9480b8}: static Lorg/gradle/tooling/internal/consumer/versioning/VersionDetails$R51VersionDetails;.<clinit>()V> (0x000000008c9480b8) 
thrown [s\src\hotspot\share\prims\jni.cpp, line 1135]
Event: 12.815 Thread 0x00000270e0b0b440 Exception <a 'java/lang/NoSuchMethodError'{0x000000008c966338}: 'java.lang.Object java.lang.invoke.DirectMethodHandle$Holder.newInvokeSpecial(java.lang.Object, java.lang.Object, java.lang.Object, int)'> (0x000000008c966338) 
thrown [s\src\hotspot\share\interpreter\linkResolver.cpp, line 784]
Event: 12.816 Thread 0x00000270e0b0b440 Exception <a 'java/lang/NoSuchMethodError'{0x000000008c96a7a0}: 'java.lang.Object java.lang.invoke.DirectMethodHandle$Holder.invokeSpecial(java.lang.Object, java.lang.Object, java.lang.Object, java.lang.Object, int)'> (0x000000008c96a7a0) 
thrown [s\src\hotspot\share\interpreter\linkResolver.cpp, line 784]
Event: 12.817 Thread 0x00000270e0b0b440 Exception <a 'java/lang/NoSuchMethodError'{0x000000008c96e3a8}: 'java.lang.Object java.lang.invoke.Invokers$Holder.linkToTargetMethod(java.lang.Object, java.lang.Object, int, java.lang.Object)'> (0x000000008c96e3a8) 
thrown [s\src\hotspot\share\interpreter\linkResolver.cpp, line 784]

ZGC Phase Switch (0 events):
No events

VM Operations (20 events):
Event: 9.633 Executing VM operation: Cleanup done
Event: 9.979 Executing VM operation: HandshakeAllThreads (Deoptimize)
Event: 9.979 Executing VM operation: HandshakeAllThreads (Deoptimize) done
Event: 9.981 Executing VM operation: HandshakeAllThreads (Deoptimize)
Event: 9.981 Executing VM operation: HandshakeAllThreads (Deoptimize) done
Event: 10.721 Executing VM operation: G1CollectForAllocation (G1 Evacuation Pause)
Event: 10.731 Executing VM operation: G1CollectForAllocation (G1 Evacuation Pause) done
Event: 11.736 Executing VM operation: Cleanup
Event: 11.737 Executing VM operation: Cleanup done
Event: 11.952 Executing VM operation: G1CollectForAllocation (G1 Evacuation Pause)
Event: 11.961 Executing VM operation: G1CollectForAllocation (G1 Evacuation Pause) done
Event: 12.009 Executing VM operation: HandshakeAllThreads (Deoptimize)
Event: 12.009 Executing VM operation: HandshakeAllThreads (Deoptimize) done
Event: 12.334 Executing VM operation: CollectForMetadataAllocation (Metadata GC Threshold)
Event: 12.341 Executing VM operation: CollectForMetadataAllocation (Metadata GC Threshold) done
Event: 12.356 Executing VM operation: G1PauseRemark
Event: 12.360 Executing VM operation: G1PauseRemark done
Event: 12.368 Executing VM operation: G1PauseCleanup
Event: 12.368 Executing VM operation: G1PauseCleanup done
Event: 13.379 Executing VM operation: Cleanup

Memory protections (0 events):
No events

Nmethod flushes (20 events):
Event: 12.359 Thread 0x00000270e06a1f10 flushing  nmethod 0x00000270cb73ff90
Event: 12.359 Thread 0x00000270e06a1f10 flushing  nmethod 0x00000270cb740d10
Event: 12.359 Thread 0x00000270e06a1f10 flushing  nmethod 0x00000270cb816790
Event: 12.359 Thread 0x00000270e06a1f10 flushing  nmethod 0x00000270cb856310
Event: 12.359 Thread 0x00000270e06a1f10 flushing  nmethod 0x00000270cb857a10
Event: 12.359 Thread 0x00000270e06a1f10 flushing  nmethod 0x00000270cb859910
Event: 12.359 Thread 0x00000270e06a1f10 flushing  nmethod 0x00000270cb9d1c10
Event: 12.359 Thread 0x00000270e06a1f10 flushing  nmethod 0x00000270cb9d2410
Event: 12.359 Thread 0x00000270e06a1f10 flushing  nmethod 0x00000270cb9d2990
Event: 12.359 Thread 0x00000270e06a1f10 flushing  nmethod 0x00000270d316fb90
Event: 12.359 Thread 0x00000270e06a1f10 flushing  nmethod 0x00000270d3170190
Event: 12.359 Thread 0x00000270e06a1f10 flushing  nmethod 0x00000270d31e1610
Event: 12.359 Thread 0x00000270e06a1f10 flushing  nmethod 0x00000270d31e5390
Event: 12.359 Thread 0x00000270e06a1f10 flushing  nmethod 0x00000270d31e7e10
Event: 12.359 Thread 0x00000270e06a1f10 flushing  nmethod 0x00000270cb63d690
Event: 12.359 Thread 0x00000270e06a1f10 flushing  nmethod 0x00000270cb63e190
Event: 12.359 Thread 0x00000270e06a1f10 flushing  nmethod 0x00000270cb643290
Event: 12.359 Thread 0x00000270e06a1f10 flushing  nmethod 0x00000270cb644990
Event: 12.359 Thread 0x00000270e06a1f10 flushing  nmethod 0x00000270cb645990
Event: 12.359 Thread 0x00000270e06a1f10 flushing  nmethod 0x00000270cb8ae010

Events (20 events):
Event: 11.914 Thread 0x00000270e0b0b440 Thread added: 0x00000270ea0348a0
Event: 11.920 Thread 0x00000270e761d030 Thread exited: 0x00000270e761d030
Event: 11.927 Thread 0x00000270e0b0b440 Thread added: 0x00000270ea0355c0
Event: 12.119 Thread 0x00000270e0b0b440 Thread added: 0x00000270ea0362e0
Event: 12.119 Thread 0x00000270e0b0b440 Thread added: 0x00000270ea033b80
Event: 12.119 Thread 0x00000270e0b0b440 Thread added: 0x00000270ea036970
Event: 12.120 Thread 0x00000270e0b0b440 Thread added: 0x00000270ea037000
Event: 12.120 Thread 0x00000270e0b0b440 Thread added: 0x00000270ea037690
Event: 12.120 Thread 0x00000270e0b0b440 Thread added: 0x00000270ea034210
Event: 12.120 Thread 0x00000270e0b0b440 Thread added: 0x00000270ea03a480
Event: 12.121 Thread 0x00000270e0b0b440 Thread added: 0x00000270ea03ab10
Event: 12.121 Thread 0x00000270e0b0b440 Thread added: 0x00000270ea039df0
Event: 12.121 Thread 0x00000270e0b0b440 Thread added: 0x00000270ea039760
Event: 12.121 Thread 0x00000270e0b0b440 Thread added: 0x00000270ea03b1a0
Event: 12.122 Thread 0x00000270e0b0b440 Thread added: 0x00000270ea037d20
Event: 12.122 Thread 0x00000270e0b0b440 Thread added: 0x00000270ea0383b0
Event: 12.122 Thread 0x00000270e0b0b440 Thread added: 0x00000270ea038a40
Event: 12.123 Thread 0x00000270e0b0b440 Thread added: 0x00000270ea0390d0
Event: 12.124 Thread 0x00000270e0b0b440 Thread added: 0x00000270e82bee60
Event: 14.115 Thread 0x00000270e7779fc0 Thread exited: 0x00000270e7779fc0


Dynamic libraries:
0x00007ff67b340000 - 0x00007ff67b34a000 	C:\Program Files\Android\Android Studio\jbr\bin\java.exe
0x00007ff9958e0000 - 0x00007ff995b49000 	C:\WINDOWS\SYSTEM32\ntdll.dll
0x00007ff994510000 - 0x00007ff9945d9000 	C:\WINDOWS\System32\KERNEL32.DLL
0x00007ff992e00000 - 0x00007ff9931f3000 	C:\WINDOWS\System32\KERNELBASE.dll
0x00007ff992cb0000 - 0x00007ff992dfb000 	C:\WINDOWS\System32\ucrtbase.dll
0x00007ff98ed10000 - 0x00007ff98ed2b000 	C:\Program Files\Android\Android Studio\jbr\bin\VCRUNTIME140.dll
0x00007ff983c00000 - 0x00007ff983c18000 	C:\Program Files\Android\Android Studio\jbr\bin\jli.dll
0x00007ff993790000 - 0x00007ff993954000 	C:\WINDOWS\System32\USER32.dll
0x00007ff993200000 - 0x00007ff993227000 	C:\WINDOWS\System32\win32u.dll
0x00007ff993960000 - 0x00007ff99398b000 	C:\WINDOWS\System32\GDI32.dll
0x00007ff993440000 - 0x00007ff99356d000 	C:\WINDOWS\System32\gdi32full.dll
0x00007ff97f000000 - 0x00007ff97f293000 	C:\WINDOWS\WinSxS\amd64_microsoft.windows.common-controls_6595b64144ccf1df_6.0.26100.5074_none_3e0d6f78e32fd63f\COMCTL32.dll
0x00007ff993600000 - 0x00007ff9936a3000 	C:\WINDOWS\System32\msvcp_win.dll
0x00007ff9957f0000 - 0x00007ff995899000 	C:\WINDOWS\System32\msvcrt.dll
0x00007ff993af0000 - 0x00007ff993b1f000 	C:\WINDOWS\System32\IMM32.DLL
0x00007ff98f340000 - 0x00007ff98f34c000 	C:\Program Files\Android\Android Studio\jbr\bin\vcruntime140_1.dll
0x00007ff944a30000 - 0x00007ff944abd000 	C:\Program Files\Android\Android Studio\jbr\bin\msvcp140.dll
0x00007ff8ee500000 - 0x00007ff8ef183000 	C:\Program Files\Android\Android Studio\jbr\bin\server\jvm.dll
0x00007ff993ba0000 - 0x00007ff993c54000 	C:\WINDOWS\System32\ADVAPI32.dll
0x00007ff993a40000 - 0x00007ff993ae6000 	C:\WINDOWS\System32\sechost.dll
0x00007ff9941d0000 - 0x00007ff9942e8000 	C:\WINDOWS\System32\RPCRT4.dll
0x00007ff993990000 - 0x00007ff993a04000 	C:\WINDOWS\System32\WS2_32.dll
0x00007ff9928f0000 - 0x00007ff99294e000 	C:\WINDOWS\SYSTEM32\POWRPROF.dll
0x00007ff98bf80000 - 0x00007ff98bfb5000 	C:\WINDOWS\SYSTEM32\WINMM.dll
0x00007ff98bff0000 - 0x00007ff98bffb000 	C:\WINDOWS\SYSTEM32\VERSION.dll
0x00007ff9928d0000 - 0x00007ff9928e4000 	C:\WINDOWS\SYSTEM32\UMPDC.dll
0x00007ff991850000 - 0x00007ff99186b000 	C:\WINDOWS\SYSTEM32\kernel.appcore.dll
0x00007ff98f280000 - 0x00007ff98f28a000 	C:\Program Files\Android\Android Studio\jbr\bin\jimage.dll
0x00007ff990260000 - 0x00007ff9904a2000 	C:\WINDOWS\SYSTEM32\DBGHELP.DLL
0x00007ff993e50000 - 0x00007ff9941cb000 	C:\WINDOWS\System32\combase.dll
0x00007ff9936b0000 - 0x00007ff993787000 	C:\WINDOWS\System32\OLEAUT32.dll
0x00007ff97b240000 - 0x00007ff97b27d000 	C:\WINDOWS\SYSTEM32\dbgcore.DLL
0x00007ff9933a0000 - 0x00007ff993439000 	C:\WINDOWS\System32\bcryptPrimitives.dll
0x00007ff98cd40000 - 0x00007ff98cd4e000 	C:\Program Files\Android\Android Studio\jbr\bin\instrument.dll
0x00007ff98ecf0000 - 0x00007ff98ed10000 	C:\Program Files\Android\Android Studio\jbr\bin\java.dll
0x00007ff98ec00000 - 0x00007ff98ec18000 	C:\Program Files\Android\Android Studio\jbr\bin\zip.dll
0x00007ff994f60000 - 0x00007ff9956ad000 	C:\WINDOWS\System32\SHELL32.dll
0x00007ff993230000 - 0x00007ff99339c000 	C:\WINDOWS\System32\wintypes.dll
0x00007ff9906d0000 - 0x00007ff990f29000 	C:\WINDOWS\SYSTEM32\windows.storage.dll
0x00007ff994740000 - 0x00007ff994830000 	C:\WINDOWS\System32\SHCORE.dll
0x00007ff994ef0000 - 0x00007ff994f52000 	C:\WINDOWS\System32\shlwapi.dll
0x00007ff992990000 - 0x00007ff9929b9000 	C:\WINDOWS\SYSTEM32\profapi.dll
0x00007ff98efa0000 - 0x00007ff98efb0000 	C:\Program Files\Android\Android Studio\jbr\bin\net.dll
0x00007ff988f10000 - 0x00007ff98902f000 	C:\WINDOWS\SYSTEM32\WINHTTP.dll
0x00007ff991dd0000 - 0x00007ff991e3b000 	C:\WINDOWS\system32\mswsock.dll
0x00007ff983b70000 - 0x00007ff983b86000 	C:\Program Files\Android\Android Studio\jbr\bin\nio.dll
0x00007ff98d2a0000 - 0x00007ff98d2b0000 	C:\Program Files\Android\Android Studio\jbr\bin\verify.dll
0x00007ff95b980000 - 0x00007ff95b9a7000 	C:\Users\agath\.gradle\native\c067742578af261105cb4f569cf0c3c89f3d7b1fecec35dd04571415982c5e48\windows-amd64\native-platform.dll
0x00007ff92c7d0000 - 0x00007ff92c914000 	C:\Users\agath\.gradle\native\100fb08df4bc3b14c8652ba06237920a3bd2aa13389f12d3474272988ae205f9\windows-amd64\native-platform-file-events.dll
0x00007ff98ebc0000 - 0x00007ff98ebc9000 	C:\Program Files\Android\Android Studio\jbr\bin\management.dll
0x00007ff98d3b0000 - 0x00007ff98d3bb000 	C:\Program Files\Android\Android Studio\jbr\bin\management_ext.dll
0x00007ff994840000 - 0x00007ff994848000 	C:\WINDOWS\System32\PSAPI.DLL
0x00007ff992080000 - 0x00007ff99209b000 	C:\WINDOWS\SYSTEM32\CRYPTSP.dll
0x00007ff9917b0000 - 0x00007ff9917eb000 	C:\WINDOWS\system32\rsaenh.dll
0x00007ff991e70000 - 0x00007ff991e9b000 	C:\WINDOWS\SYSTEM32\USERENV.dll
0x00007ff992960000 - 0x00007ff992986000 	C:\WINDOWS\SYSTEM32\bcrypt.dll
0x00007ff992070000 - 0x00007ff99207c000 	C:\WINDOWS\SYSTEM32\CRYPTBASE.dll
0x00007ff991300000 - 0x00007ff991334000 	C:\WINDOWS\SYSTEM32\IPHLPAPI.DLL
0x00007ff994cf0000 - 0x00007ff994cfa000 	C:\WINDOWS\System32\NSI.dll
0x00007ff98ee30000 - 0x00007ff98ee39000 	C:\Program Files\Android\Android Studio\jbr\bin\extnet.dll
0x00007ff901ca0000 - 0x00007ff901ca8000 	C:\WINDOWS\system32\wshunix.dll

dbghelp: loaded successfully - version: 4.0.5 - missing functions: none
symbol engine: initialized successfully - sym options: 0x614 - pdb path: .;C:\Program Files\Android\Android Studio\jbr\bin;C:\WINDOWS\SYSTEM32;C:\WINDOWS\WinSxS\amd64_microsoft.windows.common-controls_6595b64144ccf1df_6.0.26100.5074_none_3e0d6f78e32fd63f;C:\Program Files\Android\Android Studio\jbr\bin\server;C:\Users\agath\.gradle\native\c067742578af261105cb4f569cf0c3c89f3d7b1fecec35dd04571415982c5e48\windows-amd64;C:\Users\agath\.gradle\native\100fb08df4bc3b14c8652ba06237920a3bd2aa13389f12d3474272988ae205f9\windows-amd64

VM Arguments:
jvm_args: --add-opens=java.base/java.util=ALL-UNNAMED --add-opens=java.base/java.lang=ALL-UNNAMED --add-opens=java.base/java.lang.invoke=ALL-UNNAMED --add-opens=java.prefs/java.util.prefs=ALL-UNNAMED --add-exports=jdk.compiler/com.sun.tools.javac.api=ALL-UNNAMED --add-exports=jdk.compiler/com.sun.tools.javac.util=ALL-UNNAMED --add-opens=java.base/java.nio.charset=ALL-UNNAMED --add-opens=java.base/java.net=ALL-UNNAMED --add-opens=java.base/java.util.concurrent.atomic=ALL-UNNAMED -Xmx2048m -Dfile.encoding=UTF-8 -Duser.country=US -Duser.language=en -Duser.variant -javaagent:C:\Users\agath\.gradle\wrapper\dists\gradle-8.10.2-bin\a04bxjujx95o3nb99gddekhwo\gradle-8.10.2\lib\agents\gradle-instrumentation-agent-8.10.2.jar 
java_command: org.gradle.launcher.daemon.bootstrap.GradleDaemon 8.10.2
java_class_path (initial): C:\Users\agath\.gradle\wrapper\dists\gradle-8.10.2-bin\a04bxjujx95o3nb99gddekhwo\gradle-8.10.2\lib\gradle-daemon-main-8.10.2.jar
Launcher Type: SUN_STANDARD

[Global flags]
     intx CICompilerCount                          = 12                                        {product} {ergonomic}
     uint ConcGCThreads                            = 3                                         {product} {ergonomic}
     uint G1ConcRefinementThreads                  = 13                                        {product} {ergonomic}
   size_t G1HeapRegionSize                         = 1048576                                   {product} {ergonomic}
    uintx GCDrainStackTargetSize                   = 64                                        {product} {ergonomic}
   size_t InitialHeapSize                          = 232783872                                 {product} {ergonomic}
   size_t MarkStackSize                            = 4194304                                   {product} {ergonomic}
   size_t MaxHeapSize                              = 2147483648                                {product} {command line}
   size_t MaxNewSize                               = 1287651328                                {product} {ergonomic}
   size_t MinHeapDeltaBytes                        = 1048576                                   {product} {ergonomic}
   size_t MinHeapSize                              = 8388608                                   {product} {ergonomic}
    uintx NonNMethodCodeHeapSize                   = 7602480                                {pd product} {ergonomic}
    uintx NonProfiledCodeHeapSize                  = 122027880                              {pd product} {ergonomic}
    uintx ProfiledCodeHeapSize                     = 122027880                              {pd product} {ergonomic}
    uintx ReservedCodeCacheSize                    = 251658240                              {pd product} {ergonomic}
     bool SegmentedCodeCache                       = true                                      {product} {ergonomic}
   size_t SoftMaxHeapSize                          = 2147483648                             {manageable} {ergonomic}
     bool UseCompressedOops                        = true                           {product lp64_product} {ergonomic}
     bool UseG1GC                                  = true                                      {product} {ergonomic}
     bool UseLargePagesIndividualAllocation        = false                                  {pd product} {ergonomic}

Logging:
Log output configuration:
 #0: stdout all=warning uptime,level,tags foldmultilines=false
 #1: stderr all=off uptime,level,tags foldmultilines=false

Environment Variables:
PATH=C:\Program Files\Common Files\Oracle\Java\javapath;C:\WINDOWS\system32;C:\WINDOWS;C:\WINDOWS\System32\Wbem;C:\WINDOWS\System32\WindowsPowerShell\v1.0\;C:\WINDOWS\System32\OpenSSH\;C:\sqlite-tools-win-x64-3490100;C:\Program Files\Microsoft SQL Server\150\Tools\Binn\;C:\Users\agath\Downloads\flutter_windows_3.32.5-stable\flutter\bin;C:\Program Files\Git\bin;C:\Program Files\nodejs\;C:\Users\agath\AppData\Local\Programs\Python\Python39;C:\Users\agath\AppData\Local\Microsoft\WindowsApps;C:\MinGW\bin;C:\flutter\bin;C:\Users\agath\AppData\Local\Programs\Python\Python39\Scripts;C:\Users\agath\AppData\Roaming\npm;C:\Users\agath\AppData\Roaming\Microsoft\Windows\Start Menu\Programs\Python 3.9;C:\Users\agath\AppData\Local\Programs\Python\Python39
USERNAME=agath
OS=Windows_NT
PROCESSOR_IDENTIFIER=AMD64 Family 25 Model 80 Stepping 0, AuthenticAMD
TMP=C:\Users\agath\AppData\Local\Temp
TEMP=C:\Users\agath\AppData\Local\Temp




Periodic native trim disabled

JNI global refs:
JNI global refs: 33, weak refs: 0

JNI global refs memory usage: 835, weak refs: 833

Process memory usage:
Resident Set Size: 253124K (1% of 14513528K total physical memory with 3103736K free physical memory)

OOME stack traces (most recent first):
Classloader memory used:
Loader bootstrap                                                                       : 17802K
Loader org.gradle.internal.classloader.VisitableURLClassLoader                         : 15302K
Loader org.gradle.initialization.MixInLegacyTypesClassLoader                           : 2199K
Loader org.gradle.internal.classloader.VisitableURLClassLoader                         : 712K
Loader jdk.internal.loader.ClassLoaders$AppClassLoader                                 : 234K
Loader jdk.internal.reflect.DelegatingClassLoader                                      : 147K
Loader jdk.internal.loader.ClassLoaders$PlatformClassLoader                            : 114K

Classes loaded by more than one classloader:
Class org.gradle.api.GradleException                                                  : loaded 3 times (x 78B)
Class org.gradle.internal.classloader.ClassLoaderHierarchy                            : loaded 2 times (x 66B)
Class org.gradle.api.internal.classpath.ManifestUtil                                  : loaded 2 times (x 67B)
Class org.gradle.internal.operations.MultipleBuildOperationFailures                   : loaded 2 times (x 91B)
Class org.gradle.internal.classloader.DefaultClassLoaderFactory                       : loaded 2 times (x 78B)
Class org.gradle.internal.classloader.ClassLoaderVisitor                              : loaded 2 times (x 72B)
Class org.gradle.api.internal.classpath.EffectiveClassPath                            : loaded 2 times (x 86B)
Class org.gradle.api.internal.DefaultClassPathProvider                                : loaded 2 times (x 72B)
Class [Lorg.gradle.api.internal.ClassPathProvider;                                    : loaded 2 times (x 65B)
Class org.gradle.api.internal.ClassPathProvider                                       : loaded 2 times (x 66B)
Class org.gradle.internal.service.UnknownServiceException                             : loaded 2 times (x 79B)
Class org.gradle.internal.classpath.TransformedClassPath                              : loaded 2 times (x 92B)
Class org.gradle.internal.classloader.InstrumentingClassLoader                        : loaded 2 times (x 66B)
Class org.gradle.internal.service.ServiceLocator                                      : loaded 2 times (x 66B)
Class org.gradle.internal.InternalTransformer                                         : loaded 2 times (x 66B)
Class org.gradle.internal.time.DefaultTimer                                           : loaded 2 times (x 76B)
Class org.gradle.internal.classloader.ClasspathUtil$1                                 : loaded 2 times (x 72B)
Class org.gradle.api.internal.classpath.DefaultModuleRegistry$DefaultModule           : loaded 2 times (x 82B)
Class org.gradle.internal.time.DefaultCountdownTimer                                  : loaded 2 times (x 84B)
Class kotlin.Function                                                                 : loaded 2 times (x 66B)
Class org.gradle.api.internal.classpath.Module                                        : loaded 2 times (x 66B)
Class org.gradle.api.internal.classpath.UnknownModuleException                        : loaded 2 times (x 78B)
Class org.gradle.api.internal.DefaultClassPathRegistry                                : loaded 2 times (x 72B)
Class org.gradle.api.internal.ClassPathRegistry                                       : loaded 2 times (x 66B)
Class org.gradle.internal.classpath.DefaultClassPath$ImmutableUniqueList              : loaded 2 times (x 195B)
Class org.gradle.internal.classpath.ClassPath                                         : loaded 2 times (x 66B)
Class org.gradle.api.UncheckedIOException                                             : loaded 2 times (x 78B)
Class kotlin.UninitializedPropertyAccessException                                     : loaded 2 times (x 78B)
Class org.gradle.internal.installation.GradleInstallation$1                           : loaded 2 times (x 71B)
Class org.gradle.api.internal.classpath.ModuleRegistry                                : loaded 2 times (x 66B)
Class org.gradle.api.internal.classpath.DefaultModuleRegistry                         : loaded 2 times (x 82B)
Class org.gradle.internal.time.MonotonicClock                                         : loaded 2 times (x 73B)
Class org.gradle.internal.service.ServiceLookupException                              : loaded 2 times (x 78B)
Class org.gradle.internal.classloader.ClassLoaderFactory                              : loaded 2 times (x 66B)
Class org.gradle.internal.service.CachingServiceLocator                               : loaded 2 times (x 78B)
Class org.gradle.internal.time.TimeSource                                             : loaded 2 times (x 66B)
Class org.gradle.internal.exceptions.ResolutionProvider                               : loaded 2 times (x 66B)
Class org.gradle.internal.classloader.ClasspathUtil                                   : loaded 2 times (x 67B)
Class org.gradle.internal.time.TimeSource$1                                           : loaded 2 times (x 73B)
Class org.gradle.api.specs.Spec                                                       : loaded 2 times (x 66B)
Class org.gradle.internal.time.Clock                                                  : loaded 2 times (x 66B)
Class org.gradle.internal.classloader.VisitableURLClassLoader$InstrumentingVisitableURLClassLoader: loaded 2 times (x 119B)
Class org.gradle.internal.classloader.VisitableURLClassLoader$Spec                    : loaded 2 times (x 70B)
Class org.gradle.internal.classpath.DefaultClassPath                                  : loaded 2 times (x 86B)
Class org.gradle.internal.classloader.ClassLoaderSpec                                 : loaded 2 times (x 67B)
Class org.gradle.internal.classloader.VisitableURLClassLoader                         : loaded 2 times (x 113B)
Class org.gradle.internal.Cast                                                        : loaded 2 times (x 67B)
Class org.gradle.api.Action                                                           : loaded 2 times (x 66B)
Class org.gradle.internal.classpath.DefaultClassPath$ImmutableUniqueList$Builder      : loaded 2 times (x 71B)
Class org.gradle.internal.classloader.FilteringClassLoader                            : loaded 2 times (x 101B)
Class org.gradle.internal.exceptions.NonGradleCauseExceptionsHolder                   : loaded 2 times (x 66B)
Class org.gradle.internal.IoActions                                                   : loaded 2 times (x 67B)
Class org.gradle.internal.classloader.SystemClassLoaderSpec                           : loaded 2 times (x 67B)
Class org.gradle.internal.exceptions.MultiCauseException                              : loaded 2 times (x 66B)
Class org.gradle.internal.time.CountdownTimer                                         : loaded 2 times (x 66B)
Class kotlin.jvm.internal.Intrinsics                                                  : loaded 2 times (x 67B)
Class kotlin.KotlinNullPointerException                                               : loaded 2 times (x 79B)
Class org.gradle.internal.exceptions.DefaultMultiCauseException                       : loaded 2 times (x 91B)
Class org.gradle.internal.time.Time                                                   : loaded 2 times (x 67B)
Class org.gradle.api.internal.classpath.GlobalCacheRootsProvider                      : loaded 2 times (x 66B)
Class org.gradle.internal.time.Timer                                                  : loaded 2 times (x 66B)
Class org.gradle.internal.installation.CurrentGradleInstallationLocator               : loaded 2 times (x 67B)
Class org.gradle.internal.service.DefaultServiceLocator                               : loaded 2 times (x 79B)
Class org.gradle.util.GradleVersion                                                   : loaded 2 times (x 79B)
Class org.gradle.internal.installation.CurrentGradleInstallation                      : loaded 2 times (x 69B)
Class org.gradle.util.internal.GUtil                                                  : loaded 2 times (x 67B)
Class org.gradle.internal.installation.GradleInstallation                             : loaded 2 times (x 71B)

---------------  S Y S T E M  ---------------

OS:
 Windows 11 , 64 bit Build 26100 (10.0.26100.5074)
OS uptime: 0 days 11:14 hours
Hyper-V role detected

CPU: total 16 (initial active 16) (16 cores per cpu, 2 threads per core) family 25 model 80 stepping 0 microcode 0xa50000d, cx8, cmov, fxsr, ht, mmx, 3dnowpref, sse, sse2, sse3, ssse3, sse4a, sse4.1, sse4.2, popcnt, lzcnt, tsc, tscinvbit, avx, avx2, aes, erms, clmul, bmi1, bmi2, adx, sha, fma, vzeroupper, clflush, clflushopt, hv, rdtscp, rdpid, fsrm, f16c, cet_ss
Processor Information for all 16 processors :
  Max Mhz: 2000, Current Mhz: 1890, Mhz Limit: 2000

Memory: 4k page, system-wide physical 14173M (3027M free)
TotalPageFile size 14173M (AvailPageFile size 72M)
current process WorkingSet (physical memory assigned to process): 247M, peak: 250M
current process commit charge ("private bytes"): 295M, peak: 361M

vm_info: OpenJDK 64-Bit Server VM (21.0.4+-12508038-b607.1) for windows-amd64 JRE (21.0.4+-12508038-b607.1), built on 2024-10-16T17:23:34Z by "builder" with MS VC++ 16.10 / 16.11 (VS2019)

END.
